// Jest Snapshot v1, https://goo.gl/fbAQLP

exports[`LearningEvent should render correctly 1`] = `
ShallowWrapper {
  Symbol(enzyme.__root__): [Circular],
  Symbol(enzyme.__unrendered__): <LearningEvent
    match={
      Object {
        "params": Object {
          "course_id": 1,
          "id": 1,
          "module_id": 1,
        },
      }
    }
  />,
  Symbol(enzyme.__renderer__): Object {
    "batchedUpdates": [Function],
    "getNode": [Function],
    "render": [Function],
    "simulateError": [Function],
    "simulateEvent": [Function],
    "unmount": [Function],
  },
  Symbol(enzyme.__node__): Object {
    "instance": null,
    "key": undefined,
    "nodeType": "host",
    "props": Object {
      "children": <Card>
        <CardContent>
          <CardHeader>
             
          </CardHeader>
          <CardMeta />
        </CardContent>
        <CardContent
          extra={true}
        >
          <Header
            as="h5"
          >
            Url:
          </Header>
           
          <Header
            as="h5"
          >
            HTML Url:
          </Header>
           
        </CardContent>
      </Card>,
    },
    "ref": null,
    "rendered": Object {
      "instance": null,
      "key": undefined,
      "nodeType": "class",
      "props": Object {
        "children": Array [
          <CardContent>
            <CardHeader>
               
            </CardHeader>
            <CardMeta />
          </CardContent>,
          <CardContent
            extra={true}
          >
            <Header
              as="h5"
            >
              Url:
            </Header>
             
            <Header
              as="h5"
            >
              HTML Url:
            </Header>
             
          </CardContent>,
        ],
      },
      "ref": null,
      "rendered": Array [
        Object {
          "instance": null,
          "key": undefined,
          "nodeType": "function",
          "props": Object {
            "children": Array [
              <CardHeader>
                 
              </CardHeader>,
              <CardMeta />,
            ],
          },
          "ref": null,
          "rendered": Array [
            Object {
              "instance": null,
              "key": undefined,
              "nodeType": "function",
              "props": Object {
                "children": Array [
                  undefined,
                  " ",
                  undefined,
                ],
              },
              "ref": null,
              "rendered": Array [
                undefined,
                " ",
                undefined,
              ],
              "type": [Function],
            },
            Object {
              "instance": null,
              "key": undefined,
              "nodeType": "function",
              "props": Object {
                "children": undefined,
              },
              "ref": null,
              "rendered": null,
              "type": [Function],
            },
          ],
          "type": [Function],
        },
        Object {
          "instance": null,
          "key": undefined,
          "nodeType": "function",
          "props": Object {
            "children": Array [
              <Header
                as="h5"
              >
                Url:
              </Header>,
              " ",
              undefined,
              <Header
                as="h5"
              >
                HTML Url:
              </Header>,
              " ",
              undefined,
            ],
            "extra": true,
          },
          "ref": null,
          "rendered": Array [
            Object {
              "instance": null,
              "key": undefined,
              "nodeType": "function",
              "props": Object {
                "as": "h5",
                "children": "Url:",
              },
              "ref": null,
              "rendered": "Url:",
              "type": [Function],
            },
            " ",
            undefined,
            Object {
              "instance": null,
              "key": undefined,
              "nodeType": "function",
              "props": Object {
                "as": "h5",
                "children": "HTML Url:",
              },
              "ref": null,
              "rendered": "HTML Url:",
              "type": [Function],
            },
            " ",
            undefined,
          ],
          "type": [Function],
        },
      ],
      "type": [Function],
    },
    "type": "div",
  },
  Symbol(enzyme.__nodes__): Array [
    Object {
      "instance": null,
      "key": undefined,
      "nodeType": "host",
      "props": Object {
        "children": <Card>
          <CardContent>
            <CardHeader>
               
            </CardHeader>
            <CardMeta />
          </CardContent>
          <CardContent
            extra={true}
          >
            <Header
              as="h5"
            >
              Url:
            </Header>
             
            <Header
              as="h5"
            >
              HTML Url:
            </Header>
             
          </CardContent>
        </Card>,
      },
      "ref": null,
      "rendered": Object {
        "instance": null,
        "key": undefined,
        "nodeType": "class",
        "props": Object {
          "children": Array [
            <CardContent>
              <CardHeader>
                 
              </CardHeader>
              <CardMeta />
            </CardContent>,
            <CardContent
              extra={true}
            >
              <Header
                as="h5"
              >
                Url:
              </Header>
               
              <Header
                as="h5"
              >
                HTML Url:
              </Header>
               
            </CardContent>,
          ],
        },
        "ref": null,
        "rendered": Array [
          Object {
            "instance": null,
            "key": undefined,
            "nodeType": "function",
            "props": Object {
              "children": Array [
                <CardHeader>
                   
                </CardHeader>,
                <CardMeta />,
              ],
            },
            "ref": null,
            "rendered": Array [
              Object {
                "instance": null,
                "key": undefined,
                "nodeType": "function",
                "props": Object {
                  "children": Array [
                    undefined,
                    " ",
                    undefined,
                  ],
                },
                "ref": null,
                "rendered": Array [
                  undefined,
                  " ",
                  undefined,
                ],
                "type": [Function],
              },
              Object {
                "instance": null,
                "key": undefined,
                "nodeType": "function",
                "props": Object {
                  "children": undefined,
                },
                "ref": null,
                "rendered": null,
                "type": [Function],
              },
            ],
            "type": [Function],
          },
          Object {
            "instance": null,
            "key": undefined,
            "nodeType": "function",
            "props": Object {
              "children": Array [
                <Header
                  as="h5"
                >
                  Url:
                </Header>,
                " ",
                undefined,
                <Header
                  as="h5"
                >
                  HTML Url:
                </Header>,
                " ",
                undefined,
              ],
              "extra": true,
            },
            "ref": null,
            "rendered": Array [
              Object {
                "instance": null,
                "key": undefined,
                "nodeType": "function",
                "props": Object {
                  "as": "h5",
                  "children": "Url:",
                },
                "ref": null,
                "rendered": "Url:",
                "type": [Function],
              },
              " ",
              undefined,
              Object {
                "instance": null,
                "key": undefined,
                "nodeType": "function",
                "props": Object {
                  "as": "h5",
                  "children": "HTML Url:",
                },
                "ref": null,
                "rendered": "HTML Url:",
                "type": [Function],
              },
              " ",
              undefined,
            ],
            "type": [Function],
          },
        ],
        "type": [Function],
      },
      "type": "div",
    },
  ],
  Symbol(enzyme.__options__): Object {
    "adapter": ReactSixteenAdapter {
      "options": Object {
        "enableComponentDidUpdateOnSetState": true,
        "lifecycles": Object {
          "componentDidUpdate": Object {
            "onSetState": true,
          },
          "getDerivedStateFromProps": true,
          "getSnapshotBeforeUpdate": true,
          "setState": Object {
            "skipsComponentDidUpdateOnNullish": true,
          },
        },
      },
    },
  },
}
`;
