// Jest Snapshot v1, https://goo.gl/fbAQLP

exports[`MediaTypeFilters should render correctly 1`] = `
ShallowWrapper {
  Symbol(enzyme.__root__): [Circular],
  Symbol(enzyme.__unrendered__): <MediaTypeFilters />,
  Symbol(enzyme.__renderer__): Object {
    "batchedUpdates": [Function],
    "getNode": [Function],
    "render": [Function],
    "simulateError": [Function],
    "simulateEvent": [Function],
    "unmount": [Function],
  },
  Symbol(enzyme.__node__): Object {
    "instance": null,
    "key": "video",
    "nodeType": "function",
    "props": Object {
      "as": [Function],
      "control": [Function],
      "id": "mediatype_filter_video",
      "label": Object {
        "children": "Video",
      },
      "name": "mediaType",
      "value": "video",
    },
    "ref": null,
    "rendered": null,
    "type": [Function],
  },
  Symbol(enzyme.__nodes__): Array [
    Object {
      "instance": null,
      "key": "video",
      "nodeType": "function",
      "props": Object {
        "as": [Function],
        "control": [Function],
        "id": "mediatype_filter_video",
        "label": Object {
          "children": "Video",
        },
        "name": "mediaType",
        "value": "video",
      },
      "ref": null,
      "rendered": null,
      "type": [Function],
    },
    Object {
      "instance": null,
      "key": "podcast",
      "nodeType": "function",
      "props": Object {
        "as": [Function],
        "control": [Function],
        "id": "mediatype_filter_podcast",
        "label": Object {
          "children": "Podcast",
        },
        "name": "mediaType",
        "value": "podcast",
      },
      "ref": null,
      "rendered": null,
      "type": [Function],
    },
    Object {
      "instance": null,
      "key": "infographic",
      "nodeType": "function",
      "props": Object {
        "as": [Function],
        "control": [Function],
        "id": "mediatype_filter_infographic",
        "label": Object {
          "children": "Infographic",
        },
        "name": "mediaType",
        "value": "infographic",
      },
      "ref": null,
      "rendered": null,
      "type": [Function],
    },
    Object {
      "instance": null,
      "key": "assessment",
      "nodeType": "function",
      "props": Object {
        "as": [Function],
        "control": [Function],
        "id": "mediatype_filter_assessment",
        "label": Object {
          "children": "Assessment",
        },
        "name": "mediaType",
        "value": "assessment",
      },
      "ref": null,
      "rendered": null,
      "type": [Function],
    },
    Object {
      "instance": null,
      "key": "discussion",
      "nodeType": "function",
      "props": Object {
        "as": [Function],
        "control": [Function],
        "id": "mediatype_filter_discussion",
        "label": Object {
          "children": "Discussion",
        },
        "name": "mediaType",
        "value": "discussion",
      },
      "ref": null,
      "rendered": null,
      "type": [Function],
    },
    Object {
      "instance": null,
      "key": "tools",
      "nodeType": "function",
      "props": Object {
        "as": [Function],
        "control": [Function],
        "id": "mediatype_filter_tools",
        "label": Object {
          "children": "Tools",
        },
        "name": "mediaType",
        "value": "tools",
      },
      "ref": null,
      "rendered": null,
      "type": [Function],
    },
  ],
  Symbol(enzyme.__options__): Object {
    "adapter": ReactSixteenAdapter {
      "options": Object {
        "enableComponentDidUpdateOnSetState": true,
        "lifecycles": Object {
          "componentDidUpdate": Object {
            "onSetState": true,
          },
          "getDerivedStateFromProps": true,
          "getSnapshotBeforeUpdate": true,
          "setState": Object {
            "skipsComponentDidUpdateOnNullish": true,
          },
        },
      },
    },
  },
}
`;
